main.c:100:5:main	32	static
main.c:212:6:SystemClock_Config	120	static
main.c:262:13:MX_ADC1_Init	24	static
main.c:307:13:MX_CRC_Init	8	static
main.c:333:13:MX_TIM2_Init	64	static
main.c:397:13:MX_TIM3_Init	64	static
main.c:456:13:MX_TIM4_Init	64	static
main.c:519:13:MX_USART1_UART_Init	8	static
main.c:552:13:MX_GPIO_Init	40	static
main.c:620:6:RGBvalue	16	static
main.c:626:6:DemuxSelectSet	16	static
main.c:655:6:StateOfButtons	8	static
main.c:712:6:HAL_UART_TxCpltCallback	16	static
main.c:717:6:HAL_ADC_ConvCpltCallback	32	static
main.c:733:6:HAL_UART_RxCpltCallback	16	static
main.c:739:6:map	24	static
main.c:743:7:fscale	56	static
main.c:769:14:crc32b	32	static
main.c:793:6:Error_Handler	4	static
